// Jest Snapshot v1, https://goo.gl/fbAQLP

exports[`TriviaCard should match snapshot 1`] = `
<div
  className="trivia-card"
>
  <div>
    <button
      className="trivia-choice"
      key="0.1"
      onClick={[Function]}
      type="button"
      value="Athena"
    >
      Athena
    </button>
    <button
      className="trivia-choice"
      key="0.1"
      onClick={[Function]}
      type="button"
      value="Apollo"
    >
      Apollo
    </button>
    <button
      className="trivia-choice"
      key="0.1"
      onClick={[Function]}
      type="button"
      value="Artemis"
    >
      Artemis
    </button>
    <button
      className="trivia-choice"
      key="0.1"
      onClick={[Function]}
      type="button"
      value="Ares"
    >
      Ares
    </button>
  </div>
</div>
`;
