// Jest Snapshot v1, https://goo.gl/fbAQLP

exports[`Nav should match snapshot 1`] = `
<section
  className="nav-bar"
>
  <Link
    to="/account"
  >
    <div
      className="user-info"
    >
      <img
        alt="small spartan man for user account access"
        className="user-icon"
        src="spartan-icon.png"
      />
      <h1
        className="user-name-nav"
      >
        Welcome 
        Jessica Rabbit
      </h1>
    </div>
  </Link>
  <img
    alt="clash of the nerds logo but small"
    className="small-title-logo"
    src="logo-small.png"
  />
  <Link
    to="/"
  >
    <button
      className="home-btn"
      onClick={[Function]}
      type="button"
    >
      Quit to Home
    </button>
  </Link>
</section>
`;
